\begin{tabular}{c|c|c|c|c|c|c|c|}
\textbf{String} & \textbf{Integer} & \textbf{Formula} & \textbf{Float} & \textbf{String with float value} & \textbf{Boolean (String \textgreater{} 0.5)} & \textbf{Date} & \textbf{Time}\\
first & 9 & 18.0 & 1 & 0.8135804472781414 & X & 2015-01-01 & 2015-01-01 12:00\\
second & 6 & 12.0 & 0 & 0.05436321430643143 & - & 2015-01-02 & 2015-01-02 13:00\\
third & 8 & 16.0 & 1 & 0.9266428241878765 & X & 2015-01-03 & 2015-01-03 14:00\\
fourth & 23 & 46.0 & 0 & 0.305918915735916 & - & 2015-01-04 & 2015-01-04 15:00\\
fifth & 18 & 36.0 & 1 & 0.7199250989537036 & X & 2015-01-05 & 2015-01-05 16:00\\
sixth & 24 & 48.0 & 0 & 0.24989901388011448 & - & 2015-01-06 & 2015-01-06 17:00
\end{tabular}