\begin{tabular}{c|}
Normal\\
\textbf{Bold}\\
\emph{Italic}\\
Strike\\
\emph{\textbf{Bold+Italic}}
\end{tabular}