\begin{tabular}{c|c|c|c|c|c|c|c|}
\textbf{String} & \textbf{Integer} & \textbf{Formula} & \textbf{Float} & \textbf{String with float value} & \textbf{Boolean (String \textgreater{} 0.5)} & \textbf{Date} & \textbf{Time}\\
first & 9.00 & 18.0 & 0.81 & 0.8135804472781414 & yes & 2015-01-01 & 2015-01-01 12:00\\
second & 6.00 & 12.0 & 0.05 & 0.05436321430643143 & no & 2015-01-02 & 2015-01-02 13:00\\
third & 8.00 & 16.0 & 0.93 & 0.9266428241878765 & yes & 2015-01-03 & 2015-01-03 14:00\\
fourth & 23.00 & 46.0 & 0.31 & 0.305918915735916 & no & 2015-01-04 & 2015-01-04 15:00\\
fifth & 18.00 & 36.0 & 0.72 & 0.7199250989537036 & yes & 2015-01-05 & 2015-01-05 16:00\\
sixth & 24.00 & 48.0 & 0.25 & 0.24989901388011448 & no & 2015-01-06 & 2015-01-06 17:00
\end{tabular}