\begin{tabular}{c|c|c|c|c|c|c|c|c|c|c|}
 A1 &  B1 &  C1 &  D1 &  E1 &  F1 &  G1 &  H1 &  I1 &  J1 &  K1\\
 A2 & \multicolumn{6}{c}{B2}            &  H2 &  I2 &  J2 &  K2\\
 A3 &  B3 &  C3 &  D3 &  E3 &  F3 &  G3 &  H3 &  I3 &  J3 &  K3\\
 A4 &  B4 &  C4 &  D4 &  E4 &  F4 &  G4 &  H4 &  I4 &  J4 &  K4\\
 A5 & \multicolumn{2}{c}{B5} &  D5 &  E5 &  F5 &  G5 &  H5 &  I5 &  J5 &  K5\\
 A6 & \multicolumn{2}{c}{B6} &  D6 &  E6 &  F6 &  G6 &  H6 &  I6 &  J6 &  K6\\
 A7 & \multicolumn{2}{c}{B7} &  D7 &  E7 &  F7 &  G7 &  H7 &  I7 &  J7 &  K7\\
 A8 & \multicolumn{2}{c}{B8} &  D8 &  E8 &  F8 & \multicolumn{3}{c}{G8} &  J8 &  K8\\
 A9 & \multicolumn{2}{c}{B9} &  D9 &  E9 & \multicolumn{4}{c}{F9} &  J9 &  K9\\
A10 & \multicolumn{2}{c}{B10} & D10 & E10 & \multicolumn{4}{c}{F10} & J10 & K10\\
A11 & B11 & C11 & D11 & E11 & \multicolumn{4}{c}{F11} & J11 & K11\\
A12 & B12 & C12 & D12 & E12 & \multicolumn{4}{c}{F12} & J12 & K12\\
A13 & B13 & C13 & D13 & E13 & \multicolumn{4}{c}{F13} & J13 & K13\\
A14 & B14 & C14 & D14 & E14 & F14 & G14 & H14 & I14 & J14 & K14\\
A15 & B15 & C15 & D15 & E15 & F15 & G15 & H15 & I15 & J15 & K15
\end{tabular}