\begin{tabular}{c|c|c|c|c|c|c|}
\textbf{1} & \textbf{2} & \textbf{3} & \textbf{4} & \textbf{5} & \textbf{6} & \textbf{7}\\
2 & 3 & 4 & 5 & 6 & 7 & 8\\
3 & 4 & 5 & 6 & 7 & 8 & 9\\
4 & 5 & 6 & 7 & 8 & 9 & 10\\
5 & 6 & 7 & 8 & 9 & 10 & 11\\
6 & 7 & 8 & 9 & 10 & 11 & 12\\
7 & 8 & 9 & 10 & 11 & 12 & 13\\
8 & 9 & 10 & 11 & 12 & 13 & 14
\end{tabular}