\begin{tabular}{c|c|c|c|c|c|c|}
\textbf{1.00} & \textbf{2.00} & \textbf{3.00} & \textbf{4.00} & \textbf{5.00} & \textbf{6.00} & \textbf{7.00}\\
2.00 & 3.00 & 4.00 & 5.00 & 6.00 & 7.00 & 8.00\\
3.00 & 4.00 & 5.00 & 6.00 & 7.00 & 8.00 & 9.00\\
4.00 & 5.00 & 6.00 & 7.00 & 8.00 & 9.00 & 10.00\\
5.00 & 6.00 & 7.00 & 8.00 & 9.00 & 10.00 & 11.00\\
6.00 & 7.00 & 8.00 & 9.00 & 10.00 & 11.00 & 12.00\\
7.00 & 8.00 & 9.00 & 10.00 & 11.00 & 12.00 & 13.00\\
8.00 & 9.00 & 10.00 & 11.00 & 12.00 & 13.00 & 14.00
\end{tabular}