 INFO simple.xlsx: Convert Sheet DATA to LaTeX
%encoding: utf-8
%%%%%%%%%
%
% LaTeX tabular created by xlsx2latex.rb
% Source: testdata/simple.xlsx
%
%%%%%%%%%


%
%Source: testdata/simple.xlsx [DATA]
%
\begin{tabular}{c|c|c|c|c|}
first & 9.00 & X & 0.81 & 2015-01-01\\
second & 6.00 & - & 0.05 & 2015-01-01\\
third & 8.00 & - & 0.93 & 2015-01-01\\
fourth & 23.00 & X & 0.31 & 2015-01-01\\
fifth & 18.00 & - & 0.72 & 2015-01-01\\
sixth & 24.00 & - & 0.25 & 2015-01-01
\end{tabular}
