 INFO simple.xlsx: Convert Sheet DATA to LaTeX
 INFO simple.xlsx: Convert Sheet DATA2 to LaTeX
%encoding: utf-8
%%%%%%%%%
%
% LaTeX tabular created by xlsx2latex.rb
% Source: testdata/simple.xlsx
%
%%%%%%%%%


%
%Source: testdata/simple.xlsx [DATA]
%
\begin{tabular}{c|c|c|c|c|}
first & 9.00 & X & 0.81 & 01. January 2015\\
second & 6.00 & - & 0.05 & 01. January 2015\\
third & 8.00 & - & 0.93 & 01. January 2015\\
fourth & 23.00 & X & 0.31 & 01. January 2015\\
fifth & 18.00 & - & 0.72 & 01. January 2015\\
sixth & 24.00 & - & 0.25 & 01. January 2015
\end{tabular}

%
%Source: testdata/simple.xlsx [DATA2]
%
\begin{tabular}{c|c|c|}
sixth & 11.00 & 0.03\\
fifth & 10.00 & 0.72\\
fourth & 20.00 & 0.98\\
third & 16.00 & 0.17\\
second & 19.00 & 0.04\\
first & 1.00 & 1.00
\end{tabular}
