 INFO simple.xlsx: Convert Sheet DATA to LaTeX
 INFO simple.xlsx: Convert Sheet DATA2 to LaTeX
%encoding: utf-8
%%%%%%%%%
%
% LaTeX tabular created by xlsx2latex.rb
% Source: testdata/simple.xlsx
%
%%%%%%%%%


%
%Source: testdata/simple.xlsx [DATA]
%
\begin{tabular}{c|c|c|c|c|}
first & 09.000 & X & 00.814 & 2015-01-01\\
second & 06.000 & - & 00.054 & 2015-01-01\\
third & 08.000 & - & 00.927 & 2015-01-01\\
fourth & 23.000 & X & 00.306 & 2015-01-01\\
fifth & 18.000 & - & 00.720 & 2015-01-01\\
sixth & 24.000 & - & 00.250 & 2015-01-01
\end{tabular}

%
%Source: testdata/simple.xlsx [DATA2]
%
\begin{tabular}{c|c|c|}
sixth & 11.000 & 00.032\\
fifth & 10.000 & 00.718\\
fourth & 20.000 & 00.984\\
third & 16.000 & 00.167\\
second & 19.000 & 00.039\\
first & 01.000 & 00.999
\end{tabular}
