\begin{tabular}{c|c|c|c|c|c|c|}
1.00 & 2.00 & 3.00 & 4.00 & 5.00 & 6.00 & 7.00\\
2.00 & \multicolumn{5}{c}{\textbf{5 columns combined}} & 8.00\\
3.00 & 4.00 & 5.00 & 6.00 & 7.00 & 8.00 & 9.00\\
4.00 & \multicolumn{3}{c}{\textbf{3 columns and 2 rows}} & 8.00 & 9.00 & 10.00\\
\multicolumn{4}{c}{5.00} & 9.00 & 10.00 & 11.00\\
6.00 & 7.00 & 8.00 & 9.00 & 10.00 & 11.00 & 12.00\\
7.00 & 8.00 & 9.00 & 10.00 & 11.00 & 12.00 & 13.00\\
8.00 & 9.00 & 10.00 & 11.00 & 12.00 & 13.00 & 14.00\\
Formula: & 1.00 & 2.00 & 3.0\\
10.00 & 11.00 & 12.00 & 13.00 & 14.00 & 15.00 & 16.00\\
11.00 & 12.00 & 13.00 & 14.00 & 15.00 & 16.00 & 17.00\\
12.00 & 13.00 & 14.00 & 15.00 & 16.00 & 17.00 & 18.00
\end{tabular}