 INFO simple.xlsx: Convert Sheet DATA2 to LaTeX
%encoding: utf-8
%%%%%%%%%
%
% LaTeX tabular created by xlsx2latex.rb
% Source: testdata/simple.xlsx
%
%%%%%%%%%


%
%Source: testdata/simple.xlsx [DATA2]
%
\begin{tabular}{c|c|c|}
sixth & 11.00 & 0.03\\
fifth & 10.00 & 0.72\\
fourth & 20.00 & 0.98\\
third & 16.00 & 0.17\\
second & 19.00 & 0.04\\
first & 1.00 & 1.00
\end{tabular}
